// Jest Snapshot v1, https://goo.gl/fbAQLP

exports[`render correctly 1`] = `
<View>
  <View
    style={
      [
        {
          "backgroundColor": "rgba(231, 224, 236, 1)",
          "borderTopLeftRadius": 4,
          "borderTopRightRadius": 4,
        },
        {
          "backgroundColor": "transparent",
          "marginBottom": 26.5,
          "width": "100%",
        },
      ]
    }
  >
    <View
      collapsable={false}
      style={
        {
          "backgroundColor": "#0147AB",
          "bottom": 0,
          "height": 1,
          "left": 0,
          "position": "absolute",
          "right": 0,
          "transform": [
            {
              "scaleY": 0.5,
            },
          ],
          "zIndex": 1,
        }
      }
      testID="text-input-underline"
    />
    <View
      onLayout={[Function]}
      style={
        [
          {
            "paddingBottom": 0,
            "paddingTop": 0,
          },
          {
            "minHeight": 56,
          },
        ]
      }
    >
      <TextInput
        autoFocus={false}
        cursorColor="#0147AB"
        editable={true}
        keyboardType="default"
        maxFontSizeMultiplier={1.5}
        multiline={false}
        onBlur={[Function]}
        onChangeText={[Function]}
        onFocus={[Function]}
        onSubmitEditing={[Function]}
        placeholder="Product Name"
        placeholderTextColor="rgba(73, 69, 79, 1)"
        selectionColor="#0147AB"
        style={
          [
            {
              "margin": 0,
            },
            {
              "height": 56,
            },
            {
              "paddingBottom": 0,
              "paddingTop": 0,
            },
            {
              "color": "#707070",
              "fontFamily": "System",
              "fontSize": 27,
              "fontWeight": undefined,
              "letterSpacing": 0.15,
              "lineHeight": 32.4,
              "minWidth": 65,
              "paddingLeft": 30,
              "paddingRight": 30,
              "textAlign": "left",
              "textAlignVertical": "center",
            },
            false,
            {
              "marginLeft": 54,
              "paddingLeft": 16,
            },
            undefined,
          ]
        }
        testID="text-input-flat"
        underlineColorAndroid="transparent"
        value=""
      />
    </View>
    <View
      style={
        [
          {
            "alignItems": "center",
            "height": 24,
            "justifyContent": "center",
            "position": "absolute",
            "width": 24,
          },
          {
            "left": 16,
            "top": 16,
          },
        ]
      }
    >
      <View
        collapsable={false}
        style={
          {
            "backgroundColor": "transparent",
            "borderRadius": 20,
            "height": 40,
            "margin": 0,
            "shadowColor": "#000",
            "shadowOffset": {
              "height": 0,
              "width": 0,
            },
            "shadowOpacity": 0,
            "shadowRadius": 0,
            "width": 40,
          }
        }
        testID="left-icon-adornment-container-outer-layer"
      >
        <View
          collapsable={false}
          style={
            {
              "backgroundColor": "transparent",
              "borderColor": "rgba(121, 116, 126, 1)",
              "borderRadius": 20,
              "borderWidth": 0,
              "elevation": 0,
              "flex": 1,
              "overflow": "hidden",
              "shadowColor": "#000",
              "shadowOffset": {
                "height": 0,
                "width": 0,
              },
              "shadowOpacity": 0,
              "shadowRadius": 0,
            }
          }
          testID="left-icon-adornment-container"
        >
          <View
            accessibilityComponentType="button"
            accessibilityRole="button"
            accessibilityState={
              {
                "busy": undefined,
                "checked": undefined,
                "disabled": false,
                "expanded": undefined,
                "selected": undefined,
              }
            }
            accessibilityTraits="button"
            accessibilityValue={
              {
                "max": undefined,
                "min": undefined,
                "now": undefined,
                "text": undefined,
              }
            }
            accessible={true}
            centered={true}
            collapsable={false}
            focusable={true}
            hitSlop={
              {
                "bottom": 6,
                "left": 6,
                "right": 6,
                "top": 6,
              }
            }
            onBlur={[Function]}
            onClick={[Function]}
            onFocus={[Function]}
            onResponderGrant={[Function]}
            onResponderMove={[Function]}
            onResponderRelease={[Function]}
            onResponderTerminate={[Function]}
            onResponderTerminationRequest={[Function]}
            onStartShouldSetResponder={[Function]}
            style={
              [
                {
                  "overflow": "hidden",
                },
                [
                  {
                    "alignItems": "center",
                    "flexGrow": 1,
                    "justifyContent": "center",
                  },
                  {
                    "borderRadius": 20,
                  },
                ],
              ]
            }
            testID="left-icon-adornment"
          >
            <Text
              allowFontScaling={false}
              selectable={false}
              style={
                [
                  {
                    "color": "#000",
                    "fontSize": 33.5,
                  },
                  undefined,
                  {
                    "fontFamily": "FontAwesome",
                    "fontStyle": "normal",
                    "fontWeight": "normal",
                  },
                  {},
                ]
              }
            >
              
            </Text>
          </View>
        </View>
      </View>
    </View>
  </View>
  <View
    style={
      [
        {
          "backgroundColor": "rgba(231, 224, 236, 1)",
          "borderTopLeftRadius": 4,
          "borderTopRightRadius": 4,
        },
        {
          "backgroundColor": "transparent",
          "marginBottom": 26.5,
          "width": "100%",
        },
      ]
    }
  >
    <View
      collapsable={false}
      style={
        {
          "backgroundColor": "#0147AB",
          "bottom": 0,
          "height": 1,
          "left": 0,
          "position": "absolute",
          "right": 0,
          "transform": [
            {
              "scaleY": 0.5,
            },
          ],
          "zIndex": 1,
        }
      }
      testID="text-input-underline"
    />
    <View
      onLayout={[Function]}
      style={
        [
          {
            "paddingBottom": 0,
            "paddingTop": 0,
          },
          {
            "minHeight": 56,
          },
        ]
      }
    >
      <TextInput
        autoFocus={false}
        cursorColor="#0147AB"
        editable={true}
        keyboardType="numeric"
        maxFontSizeMultiplier={1.5}
        multiline={false}
        onBlur={[Function]}
        onChangeText={[Function]}
        onFocus={[Function]}
        onSubmitEditing={[Function]}
        placeholder="Price"
        placeholderTextColor="rgba(73, 69, 79, 1)"
        selectionColor="#0147AB"
        style={
          [
            {
              "margin": 0,
            },
            {
              "height": 56,
            },
            {
              "paddingBottom": 0,
              "paddingTop": 0,
            },
            {
              "color": "#707070",
              "fontFamily": "System",
              "fontSize": 27,
              "fontWeight": undefined,
              "letterSpacing": 0.15,
              "lineHeight": 32.4,
              "minWidth": 65,
              "paddingLeft": 30,
              "paddingRight": 30,
              "textAlign": "left",
              "textAlignVertical": "center",
            },
            false,
            {
              "marginLeft": 54,
              "paddingLeft": 16,
            },
            undefined,
          ]
        }
        testID="text-input-flat"
        underlineColorAndroid="transparent"
        value=""
      />
    </View>
    <View
      style={
        [
          {
            "alignItems": "center",
            "height": 24,
            "justifyContent": "center",
            "position": "absolute",
            "width": 24,
          },
          {
            "left": 16,
            "top": 16,
          },
        ]
      }
    >
      <View
        collapsable={false}
        style={
          {
            "backgroundColor": "transparent",
            "borderRadius": 20,
            "height": 40,
            "margin": 0,
            "shadowColor": "#000",
            "shadowOffset": {
              "height": 0,
              "width": 0,
            },
            "shadowOpacity": 0,
            "shadowRadius": 0,
            "width": 40,
          }
        }
        testID="left-icon-adornment-container-outer-layer"
      >
        <View
          collapsable={false}
          style={
            {
              "backgroundColor": "transparent",
              "borderColor": "rgba(121, 116, 126, 1)",
              "borderRadius": 20,
              "borderWidth": 0,
              "elevation": 0,
              "flex": 1,
              "overflow": "hidden",
              "shadowColor": "#000",
              "shadowOffset": {
                "height": 0,
                "width": 0,
              },
              "shadowOpacity": 0,
              "shadowRadius": 0,
            }
          }
          testID="left-icon-adornment-container"
        >
          <View
            accessibilityComponentType="button"
            accessibilityRole="button"
            accessibilityState={
              {
                "busy": undefined,
                "checked": undefined,
                "disabled": false,
                "expanded": undefined,
                "selected": undefined,
              }
            }
            accessibilityTraits="button"
            accessibilityValue={
              {
                "max": undefined,
                "min": undefined,
                "now": undefined,
                "text": undefined,
              }
            }
            accessible={true}
            centered={true}
            collapsable={false}
            focusable={true}
            hitSlop={
              {
                "bottom": 6,
                "left": 6,
                "right": 6,
                "top": 6,
              }
            }
            onBlur={[Function]}
            onClick={[Function]}
            onFocus={[Function]}
            onResponderGrant={[Function]}
            onResponderMove={[Function]}
            onResponderRelease={[Function]}
            onResponderTerminate={[Function]}
            onResponderTerminationRequest={[Function]}
            onStartShouldSetResponder={[Function]}
            style={
              [
                {
                  "overflow": "hidden",
                },
                [
                  {
                    "alignItems": "center",
                    "flexGrow": 1,
                    "justifyContent": "center",
                  },
                  {
                    "borderRadius": 20,
                  },
                ],
              ]
            }
            testID="left-icon-adornment"
          >
            <Text
              allowFontScaling={false}
              selectable={false}
              style={
                [
                  {
                    "color": "#000",
                    "fontSize": 33.5,
                  },
                  undefined,
                  {
                    "fontFamily": "Material Design Icons",
                    "fontStyle": "normal",
                    "fontWeight": "normal",
                  },
                  {},
                ]
              }
            >
              󰇁
            </Text>
          </View>
        </View>
      </View>
    </View>
  </View>
  <View
    style={
      {
        "borderColor": "#ccc",
        "borderRadius": 13.5,
        "borderWidth": 1,
        "marginBottom": 26.5,
        "width": "100%",
      }
    }
  >
    <RNCPicker
      items={
        [
          {
            "label": "Select Material",
            "testID": undefined,
            "textColor": undefined,
            "value": "",
          },
          {
            "label": "Metal",
            "testID": undefined,
            "textColor": undefined,
            "value": "Metal",
          },
          {
            "label": "Plastic",
            "testID": undefined,
            "textColor": undefined,
            "value": "Plastic",
          },
          {
            "label": "Bronze",
            "testID": undefined,
            "textColor": undefined,
            "value": "Bronze",
          },
          {
            "label": "Wooden",
            "testID": undefined,
            "textColor": undefined,
            "value": "Wooden",
          },
          {
            "label": "Frozen",
            "testID": undefined,
            "textColor": undefined,
            "value": "Frozen",
          },
          {
            "label": "Cotton",
            "testID": undefined,
            "textColor": undefined,
            "value": "Cotton",
          },
          {
            "label": "Rubber",
            "testID": undefined,
            "textColor": undefined,
            "value": "Rubber",
          },
          {
            "label": "Soft",
            "testID": undefined,
            "textColor": undefined,
            "value": "Soft",
          },
          {
            "label": "Concrete",
            "testID": undefined,
            "textColor": undefined,
            "value": "Concrete",
          },
          {
            "label": "Granite",
            "testID": undefined,
            "textColor": undefined,
            "value": "Granite",
          },
        ]
      }
      numberOfLines={1}
      onChange={[Function]}
      selectedIndex={0}
      style={
        [
          {
            "height": 216,
          },
          undefined,
        ]
      }
      testID="materialPicker"
    />
  </View>
  <View
    collapsable={false}
    style={
      {
        "backgroundColor": "rgba(28, 27, 31, 0.12)",
        "borderRadius": 66.5,
        "marginTop": 26.5,
        "shadowColor": "#000",
        "shadowOffset": {
          "height": 0,
          "width": 0,
        },
        "shadowOpacity": 0,
        "shadowRadius": 0,
        "width": "100%",
      }
    }
    testID="button-container-outer-layer"
  >
    <View
      collapsable={false}
      style={
        {
          "alignItems": "center",
          "backgroundColor": "rgba(28, 27, 31, 0.12)",
          "borderColor": "transparent",
          "borderRadius": 66.5,
          "borderStyle": "solid",
          "borderWidth": 0,
          "flex": undefined,
          "minWidth": 64,
          "shadowColor": "#000",
          "shadowOffset": {
            "height": 0,
            "width": 0,
          },
          "shadowOpacity": 0,
          "shadowRadius": 0,
        }
      }
      testID="button-container"
    >
      <View
        accessibilityRole="button"
        accessibilityState={
          {
            "busy": undefined,
            "checked": undefined,
            "disabled": true,
            "expanded": undefined,
            "selected": undefined,
          }
        }
        accessibilityValue={
          {
            "max": undefined,
            "min": undefined,
            "now": undefined,
            "text": undefined,
          }
        }
        accessible={true}
        collapsable={false}
        focusable={true}
        onBlur={[Function]}
        onClick={[Function]}
        onFocus={[Function]}
        onResponderGrant={[Function]}
        onResponderMove={[Function]}
        onResponderRelease={[Function]}
        onResponderTerminate={[Function]}
        onResponderTerminationRequest={[Function]}
        onStartShouldSetResponder={[Function]}
        style={
          [
            {
              "overflow": "hidden",
            },
            {
              "borderRadius": 66.5,
            },
          ]
        }
        testID="button"
      >
        <View
          style={
            [
              {
                "alignItems": "center",
                "flexDirection": "row",
                "justifyContent": "center",
              },
              {
                "paddingHorizontal": 112.5,
                "paddingVertical": 15,
              },
            ]
          }
        >
          <Text
            numberOfLines={1}
            selectable={false}
            style={
              [
                {
                  "textAlign": "left",
                },
                {
                  "color": "rgba(28, 27, 31, 1)",
                  "writingDirection": "ltr",
                },
                [
                  {
                    "fontFamily": "System",
                    "fontSize": 14,
                    "fontWeight": "500",
                    "letterSpacing": 0.1,
                    "lineHeight": 20,
                  },
                  [
                    {
                      "marginHorizontal": 16,
                      "marginVertical": 9,
                      "textAlign": "center",
                    },
                    false,
                    {
                      "marginHorizontal": 24,
                      "marginVertical": 10,
                    },
                    undefined,
                    false,
                    {
                      "color": "rgba(28, 27, 31, 0.38)",
                      "fontFamily": "System",
                      "fontSize": 14,
                      "fontWeight": "500",
                      "letterSpacing": 0.1,
                      "lineHeight": 20,
                    },
                    undefined,
                  ],
                ],
              ]
            }
            testID="button-text"
          >
            <Text
              style={
                {
                  "color": "#fff",
                  "fontSize": 27,
                  "fontWeight": "bold",
                }
              }
            >
              Add Product
            </Text>
          </Text>
        </View>
      </View>
    </View>
  </View>
</View>
`;
